WARNING: A restricted method in java.lang.System has been called
WARNING: java.lang.System::load has been called by net.rubygrapefruit.platform.internal.NativeLibraryLoader in an unnamed module (file:/Users/deniscucu/.gradle/wrapper/dists/gradle-8.13-bin/5xuhj0ry160q40clulazy9h7d/gradle-8.13/lib/native-platform-0.22-milestone-28.jar)
WARNING: Use --enable-native-access=ALL-UNNAMED to avoid a warning for callers in this module
WARNING: Restricted methods will be blocked in a future release unless native access is enabled

2026-03-15T15:42:37.085+0200 [INFO] [org.gradle.internal.nativeintegration.services.NativeServices] Initialized native services in: /Users/deniscucu/.gradle/native
2026-03-15T15:42:37.105+0200 [INFO] [org.gradle.internal.nativeintegration.services.NativeServices] Initialized jansi services in: /Users/deniscucu/.gradle/native
2026-03-15T15:42:37.115+0200 [LIFECYCLE] [org.gradle.launcher.cli.DebugLoggerWarningAction] 
#############################################################################
   WARNING WARNING WARNING WARNING WARNING WARNING WARNING WARNING WARNING

   Debug level logging will leak security sensitive information!

   For more details, please refer to https://docs.gradle.org/8.13/userguide/logging.html#sec:debug_security in the Gradle documentation.
#############################################################################

2026-03-15T15:42:37.162+0200 [DEBUG] [org.gradle.internal.remote.internal.inet.InetAddresses] Adding IP addresses for network interface utun5
2026-03-15T15:42:37.162+0200 [DEBUG] [org.gradle.internal.remote.internal.inet.InetAddresses] Is this a loopback interface? false
2026-03-15T15:42:37.162+0200 [DEBUG] [org.gradle.internal.remote.internal.inet.InetAddresses] Adding remote address /fe80:0:0:0:5148:c8ac:2ea4:bfe1%utun5
2026-03-15T15:42:37.162+0200 [DEBUG] [org.gradle.internal.remote.internal.inet.InetAddresses] Adding IP addresses for network interface utun4
2026-03-15T15:42:37.162+0200 [DEBUG] [org.gradle.internal.remote.internal.inet.InetAddresses] Is this a loopback interface? false
2026-03-15T15:42:37.162+0200 [DEBUG] [org.gradle.internal.remote.internal.inet.InetAddresses] Adding remote address /fe80:0:0:0:10c1:109f:a95a:ad6f%utun4
2026-03-15T15:42:37.162+0200 [DEBUG] [org.gradle.internal.remote.internal.inet.InetAddresses] Adding IP addresses for network interface utun3
2026-03-15T15:42:37.162+0200 [DEBUG] [org.gradle.internal.remote.internal.inet.InetAddresses] Is this a loopback interface? false
2026-03-15T15:42:37.162+0200 [DEBUG] [org.gradle.internal.remote.internal.inet.InetAddresses] Adding remote address /fe80:0:0:0:ce81:b1c:bd2c:69e%utun3
2026-03-15T15:42:37.162+0200 [DEBUG] [org.gradle.internal.remote.internal.inet.InetAddresses] Adding IP addresses for network interface utun2
2026-03-15T15:42:37.162+0200 [DEBUG] [org.gradle.internal.remote.internal.inet.InetAddresses] Is this a loopback interface? false
2026-03-15T15:42:37.162+0200 [DEBUG] [org.gradle.internal.remote.internal.inet.InetAddresses] Adding remote address /fe80:0:0:0:2dd1:6708:6263:1cb3%utun2
2026-03-15T15:42:37.162+0200 [DEBUG] [org.gradle.internal.remote.internal.inet.InetAddresses] Adding IP addresses for network interface utun1
2026-03-15T15:42:37.162+0200 [DEBUG] [org.gradle.internal.remote.internal.inet.InetAddresses] Is this a loopback interface? false
2026-03-15T15:42:37.162+0200 [DEBUG] [org.gradle.internal.remote.internal.inet.InetAddresses] Adding remote address /fe80:0:0:0:b2c7:645a:2692:ce04%utun1
2026-03-15T15:42:37.162+0200 [DEBUG] [org.gradle.internal.remote.internal.inet.InetAddresses] Adding IP addresses for network interface llw0
2026-03-15T15:42:37.162+0200 [DEBUG] [org.gradle.internal.remote.internal.inet.InetAddresses] Is this a loopback interface? false
2026-03-15T15:42:37.162+0200 [DEBUG] [org.gradle.internal.remote.internal.inet.InetAddresses] Adding remote address /fe80:0:0:0:5880:e3ff:fe6e:2d44%llw0
2026-03-15T15:42:37.163+0200 [DEBUG] [org.gradle.internal.remote.internal.inet.InetAddresses] Adding IP addresses for network interface utun0
2026-03-15T15:42:37.163+0200 [DEBUG] [org.gradle.internal.remote.internal.inet.InetAddresses] Is this a loopback interface? false
2026-03-15T15:42:37.163+0200 [DEBUG] [org.gradle.internal.remote.internal.inet.InetAddresses] Adding remote address /fe80:0:0:0:3ac:e549:657a:544e%utun0
2026-03-15T15:42:37.163+0200 [DEBUG] [org.gradle.internal.remote.internal.inet.InetAddresses] Adding IP addresses for network interface awdl0
2026-03-15T15:42:37.163+0200 [DEBUG] [org.gradle.internal.remote.internal.inet.InetAddresses] Is this a loopback interface? false
2026-03-15T15:42:37.163+0200 [DEBUG] [org.gradle.internal.remote.internal.inet.InetAddresses] Adding remote address /fe80:0:0:0:5880:e3ff:fe6e:2d44%awdl0
2026-03-15T15:42:37.163+0200 [DEBUG] [org.gradle.internal.remote.internal.inet.InetAddresses] Adding IP addresses for network interface en0
2026-03-15T15:42:37.163+0200 [DEBUG] [org.gradle.internal.remote.internal.inet.InetAddresses] Is this a loopback interface? false
2026-03-15T15:42:37.163+0200 [DEBUG] [org.gradle.internal.remote.internal.inet.InetAddresses] Adding remote address /2a02:2f07:720b:ca00:b9d9:238d:e6eb:cb23%en0
2026-03-15T15:42:37.163+0200 [DEBUG] [org.gradle.internal.remote.internal.inet.InetAddresses] Adding remote address /2a02:2f07:720b:ca00:108c:3ffc:b915:ae1e%en0
2026-03-15T15:42:37.163+0200 [DEBUG] [org.gradle.internal.remote.internal.inet.InetAddresses] Adding remote address /fe80:0:0:0:5f:7304:8453:608a%en0
2026-03-15T15:42:37.163+0200 [DEBUG] [org.gradle.internal.remote.internal.inet.InetAddresses] Adding remote address /192.168.100.184
2026-03-15T15:42:37.163+0200 [DEBUG] [org.gradle.internal.remote.internal.inet.InetAddresses] Adding IP addresses for network interface lo0
2026-03-15T15:42:37.163+0200 [DEBUG] [org.gradle.internal.remote.internal.inet.InetAddresses] Is this a loopback interface? true
2026-03-15T15:42:37.163+0200 [DEBUG] [org.gradle.internal.remote.internal.inet.InetAddresses] Ignoring remote address on loopback interface /fe80:0:0:0:0:0:0:1%lo0
2026-03-15T15:42:37.163+0200 [DEBUG] [org.gradle.internal.remote.internal.inet.InetAddresses] Adding loopback address /0:0:0:0:0:0:0:1%lo0
2026-03-15T15:42:37.163+0200 [DEBUG] [org.gradle.internal.remote.internal.inet.InetAddresses] Adding loopback address /127.0.0.1
2026-03-15T15:42:37.181+0200 [DEBUG] [org.gradle.cache.internal.DefaultCacheCoordinator] Creating new cache for metadata, path /Users/deniscucu/.gradle/caches/8.13/jvms/metadata.bin, access org.gradle.cache.internal.DefaultCacheCoordinator@1205bd62
2026-03-15T15:42:37.212+0200 [DEBUG] [org.gradle.launcher.daemon.client.DaemonClient] Executing build 98eff1fc-66c3-46b0-801f-d496f428efe1 in daemon client {pid=22546}
2026-03-15T15:42:37.213+0200 [DEBUG] [org.gradle.cache.internal.DefaultFileLockManager] Waiting to acquire shared lock on daemon addresses registry.
2026-03-15T15:42:37.214+0200 [DEBUG] [org.gradle.cache.internal.DefaultFileLockManager] Lock acquired on daemon addresses registry.
2026-03-15T15:42:37.215+0200 [DEBUG] [org.gradle.cache.internal.DefaultFileLockManager] Releasing lock on daemon addresses registry.
2026-03-15T15:42:37.216+0200 [INFO] [org.gradle.launcher.daemon.client.DefaultDaemonConnector] Found daemon DaemonInfo{pid=48559, address=[47ec7d50-19a3-4348-a31d-f42ae27a4c4e port:62270, addresses:[/127.0.0.1]], state=Idle, lastBusy=1773224885776, context=DefaultDaemonContext[uid=dbc7c8ed-737d-44f9-822c-c242812f51ac,javaHome=/Users/deniscucu/.antigravity/extensions/redhat.java-1.51.0-darwin-arm64/jre/21.0.9-macosx-aarch64,javaVersion=21,javaVendor=Eclipse Adoptium,daemonRegistryDir=/Users/deniscucu/.gradle/daemon,pid=48559,idleTimeout=10800000,priority=NORMAL,applyInstrumentationAgent=true,nativeServicesMode=ENABLED,daemonOpts=-Xmx2048m,-Dfile.encoding=UTF-8,-Duser.country=US,-Duser.language=en,-Duser.variant]} however its context does not match the desired criteria.
JVM is incompatible.
Wanted: DaemonRequestContext{jvmCriteria=/Library/Java/JavaVirtualMachines/jdk-25.jdk/Contents/Home (no JDK specified, using current Java home), daemonOpts=[-Xmx2048m, -Dfile.encoding=UTF-8, -Duser.country=US, -Duser.language=en, -Duser.variant], applyInstrumentationAgent=true, nativeServicesMode=ENABLED, priority=NORMAL}
Actual: DefaultDaemonContext[uid=dbc7c8ed-737d-44f9-822c-c242812f51ac,javaHome=/Users/deniscucu/.antigravity/extensions/redhat.java-1.51.0-darwin-arm64/jre/21.0.9-macosx-aarch64,javaVersion=21,javaVendor=Eclipse Adoptium,daemonRegistryDir=/Users/deniscucu/.gradle/daemon,pid=48559,idleTimeout=10800000,priority=NORMAL,applyInstrumentationAgent=true,nativeServicesMode=ENABLED,daemonOpts=-Xmx2048m,-Dfile.encoding=UTF-8,-Duser.country=US,-Duser.language=en,-Duser.variant]

  Looking for a different daemon...
2026-03-15T15:42:37.216+0200 [INFO] [org.gradle.launcher.daemon.client.DefaultDaemonConnector] Found daemon DaemonInfo{pid=6881, address=[76832e4a-49e9-49cf-82c0-3d9d3fdfcd5a port:59706, addresses:[/127.0.0.1]], state=Idle, lastBusy=1773580612082, context=DefaultDaemonContext[uid=1d5a2d9c-9a4d-498b-b8c1-566c0bd109dd,javaHome=/Applications/Android Studio.app/Contents/jbr/Contents/Home,javaVersion=21,javaVendor=JetBrains s.r.o.,daemonRegistryDir=/Users/deniscucu/.gradle/daemon,pid=6881,idleTimeout=10800000,priority=NORMAL,applyInstrumentationAgent=true,nativeServicesMode=ENABLED,daemonOpts=-Xmx2048m,-Dfile.encoding=UTF-8,-Duser.country=US,-Duser.language=en,-Duser.variant]} however its context does not match the desired criteria.
JVM is incompatible.
Wanted: DaemonRequestContext{jvmCriteria=/Library/Java/JavaVirtualMachines/jdk-25.jdk/Contents/Home (no JDK specified, using current Java home), daemonOpts=[-Xmx2048m, -Dfile.encoding=UTF-8, -Duser.country=US, -Duser.language=en, -Duser.variant], applyInstrumentationAgent=true, nativeServicesMode=ENABLED, priority=NORMAL}
Actual: DefaultDaemonContext[uid=1d5a2d9c-9a4d-498b-b8c1-566c0bd109dd,javaHome=/Applications/Android Studio.app/Contents/jbr/Contents/Home,javaVersion=21,javaVendor=JetBrains s.r.o.,daemonRegistryDir=/Users/deniscucu/.gradle/daemon,pid=6881,idleTimeout=10800000,priority=NORMAL,applyInstrumentationAgent=true,nativeServicesMode=ENABLED,daemonOpts=-Xmx2048m,-Dfile.encoding=UTF-8,-Duser.country=US,-Duser.language=en,-Duser.variant]

  Looking for a different daemon...
2026-03-15T15:42:37.217+0200 [INFO] [org.gradle.launcher.daemon.client.DefaultDaemonConnector] Found daemon DaemonInfo{pid=12240, address=[040263b0-48e6-4b65-93e0-e66d12bf4ba7 port:60102, addresses:[/127.0.0.1]], state=Idle, lastBusy=1773578676784, context=DefaultDaemonContext[uid=9d928c8b-0712-4f20-ae54-be5c3f287f9f,javaHome=/Users/deniscucu/Library/Java/JavaVirtualMachines/jbr-17.0.14/Contents/Home,javaVersion=17,javaVendor=JetBrains s.r.o.,daemonRegistryDir=/Users/deniscucu/.gradle/daemon,pid=12240,idleTimeout=10800000,priority=NORMAL,applyInstrumentationAgent=true,nativeServicesMode=ENABLED,daemonOpts=-Xmx2048m,-Dfile.encoding=UTF-8,-Duser.country=US,-Duser.language=en,-Duser.variant]} however its context does not match the desired criteria.
JVM is incompatible.
Wanted: DaemonRequestContext{jvmCriteria=/Library/Java/JavaVirtualMachines/jdk-25.jdk/Contents/Home (no JDK specified, using current Java home), daemonOpts=[-Xmx2048m, -Dfile.encoding=UTF-8, -Duser.country=US, -Duser.language=en, -Duser.variant], applyInstrumentationAgent=true, nativeServicesMode=ENABLED, priority=NORMAL}
Actual: DefaultDaemonContext[uid=9d928c8b-0712-4f20-ae54-be5c3f287f9f,javaHome=/Users/deniscucu/Library/Java/JavaVirtualMachines/jbr-17.0.14/Contents/Home,javaVersion=17,javaVendor=JetBrains s.r.o.,daemonRegistryDir=/Users/deniscucu/.gradle/daemon,pid=12240,idleTimeout=10800000,priority=NORMAL,applyInstrumentationAgent=true,nativeServicesMode=ENABLED,daemonOpts=-Xmx2048m,-Dfile.encoding=UTF-8,-Duser.country=US,-Duser.language=en,-Duser.variant]

  Looking for a different daemon...
2026-03-15T15:42:37.217+0200 [INFO] [org.gradle.launcher.daemon.client.DefaultDaemonConnector] Found daemon DaemonInfo{pid=15273, address=[0c1d0095-5170-463b-9f25-3f6ceac60224 port:60510, addresses:[/127.0.0.1]], state=Idle, lastBusy=1773581975972, context=DefaultDaemonContext[uid=e5728cd0-9107-478c-9f04-3b17ea65b2d8,javaHome=/Users/deniscucu/.antigravity/extensions/redhat.java-1.53.0-darwin-arm64/jre/21.0.10-macosx-aarch64,javaVersion=21,javaVendor=Eclipse Adoptium,daemonRegistryDir=/Users/deniscucu/.gradle/daemon,pid=15273,idleTimeout=10800000,priority=NORMAL,applyInstrumentationAgent=true,nativeServicesMode=ENABLED,daemonOpts=-Xmx2048m,-Dfile.encoding=UTF-8,-Duser.country=US,-Duser.language=en,-Duser.variant]} however its context does not match the desired criteria.
JVM is incompatible.
Wanted: DaemonRequestContext{jvmCriteria=/Library/Java/JavaVirtualMachines/jdk-25.jdk/Contents/Home (no JDK specified, using current Java home), daemonOpts=[-Xmx2048m, -Dfile.encoding=UTF-8, -Duser.country=US, -Duser.language=en, -Duser.variant], applyInstrumentationAgent=true, nativeServicesMode=ENABLED, priority=NORMAL}
Actual: DefaultDaemonContext[uid=e5728cd0-9107-478c-9f04-3b17ea65b2d8,javaHome=/Users/deniscucu/.antigravity/extensions/redhat.java-1.53.0-darwin-arm64/jre/21.0.10-macosx-aarch64,javaVersion=21,javaVendor=Eclipse Adoptium,daemonRegistryDir=/Users/deniscucu/.gradle/daemon,pid=15273,idleTimeout=10800000,priority=NORMAL,applyInstrumentationAgent=true,nativeServicesMode=ENABLED,daemonOpts=-Xmx2048m,-Dfile.encoding=UTF-8,-Duser.country=US,-Duser.language=en,-Duser.variant]

  Looking for a different daemon...
2026-03-15T15:42:37.217+0200 [DEBUG] [org.gradle.internal.remote.internal.inet.TcpOutgoingConnector] Attempting to connect to [5fa14cb4-5054-45dd-8747-7707a882d7f0 port:60119, addresses:[/127.0.0.1]].
2026-03-15T15:42:37.217+0200 [DEBUG] [org.gradle.internal.remote.internal.inet.TcpOutgoingConnector] Trying to connect to address /127.0.0.1.
2026-03-15T15:42:37.218+0200 [DEBUG] [org.gradle.internal.remote.internal.inet.TcpOutgoingConnector] Connected to address /127.0.0.1:60119.
2026-03-15T15:42:37.226+0200 [DEBUG] [org.gradle.launcher.daemon.client.DaemonClient] Connected to daemon DaemonInfo{pid=12275, address=[5fa14cb4-5054-45dd-8747-7707a882d7f0 port:60119, addresses:[/127.0.0.1]], state=Idle, lastBusy=1773582131892, context=DefaultDaemonContext[uid=418ea509-3df8-49c3-b93e-7ff7e2a2b860,javaHome=/Library/Java/JavaVirtualMachines/jdk-25.jdk/Contents/Home,javaVersion=25,javaVendor=Oracle Corporation,daemonRegistryDir=/Users/deniscucu/.gradle/daemon,pid=12275,idleTimeout=10800000,priority=NORMAL,applyInstrumentationAgent=true,nativeServicesMode=ENABLED,daemonOpts=-Xmx2048m,-Dfile.encoding=UTF-8,-Duser.country=US,-Duser.language=en,-Duser.variant]}. Dispatching request Build{id=98eff1fc-66c3-46b0-801f-d496f428efe1, currentDir=/Users/deniscucu/Downloads/licenta/SmartHome}.
2026-03-15T15:42:37.226+0200 [DEBUG] [org.gradle.launcher.daemon.client.DaemonClientConnection] thread 3: dispatching class org.gradle.launcher.daemon.protocol.Build
2026-03-15T15:42:37.237+0200 [DEBUG] [org.gradle.launcher.daemon.client.DaemonClient] Received result org.gradle.launcher.daemon.protocol.BuildStarted@4dc8caa7 from daemon DaemonInfo{pid=12275, address=[5fa14cb4-5054-45dd-8747-7707a882d7f0 port:60119, addresses:[/127.0.0.1]], state=Idle, lastBusy=1773582131892, context=DefaultDaemonContext[uid=418ea509-3df8-49c3-b93e-7ff7e2a2b860,javaHome=/Library/Java/JavaVirtualMachines/jdk-25.jdk/Contents/Home,javaVersion=25,javaVendor=Oracle Corporation,daemonRegistryDir=/Users/deniscucu/.gradle/daemon,pid=12275,idleTimeout=10800000,priority=NORMAL,applyInstrumentationAgent=true,nativeServicesMode=ENABLED,daemonOpts=-Xmx2048m,-Dfile.encoding=UTF-8,-Duser.country=US,-Duser.language=en,-Duser.variant]} (build should be starting).
2026-03-15T15:42:37.237+0200 [INFO] [org.gradle.launcher.daemon.server.exec.LogToClient] The client will now receive all logging from the daemon (pid: 12275). The daemon log file: /Users/deniscucu/.gradle/daemon/8.13/daemon-12275.out.log
2026-03-15T15:42:37.238+0200 [INFO] [org.gradle.launcher.daemon.server.exec.LogAndCheckHealth] Starting 8th build in daemon [uptime: 57 mins 59.709 secs, performance: 97%, GC rate: 0.00/s, heap usage: 1% of 2 GiB]
2026-03-15T15:42:37.238+0200 [DEBUG] [org.gradle.launcher.daemon.server.exec.ExecuteBuild] The daemon has started executing the build.
2026-03-15T15:42:37.238+0200 [DEBUG] [org.gradle.launcher.daemon.server.exec.ExecuteBuild] Executing build with daemon context: DefaultDaemonContext[uid=418ea509-3df8-49c3-b93e-7ff7e2a2b860,javaHome=/Library/Java/JavaVirtualMachines/jdk-25.jdk/Contents/Home,javaVersion=25,javaVendor=Oracle Corporation,daemonRegistryDir=/Users/deniscucu/.gradle/daemon,pid=12275,idleTimeout=10800000,priority=NORMAL,applyInstrumentationAgent=true,nativeServicesMode=ENABLED,daemonOpts=-Xmx2048m,-Dfile.encoding=UTF-8,-Duser.country=US,-Duser.language=en,-Duser.variant]
2026-03-15T15:42:37.246+0200 [INFO] [org.gradle.internal.work.DefaultWorkerLeaseService] Using 8 worker leases.
2026-03-15T15:42:37.248+0200 [DEBUG] [org.gradle.internal.resources.AbstractTrackedResourceLock] Daemon worker Thread 4: acquired lock on worker lease
2026-03-15T15:42:37.249+0200 [DEBUG] [org.gradle.internal.operations.DefaultBuildOperationRunner] Build operation 'Run build' started
2026-03-15T15:42:37.252+0200 [DEBUG] [org.gradle.cache.internal.DefaultCacheCoordinator] Creating new cache for fileHashes, path /Users/deniscucu/Downloads/licenta/SmartHome/.gradle/8.13/fileHashes/fileHashes.bin, access org.gradle.cache.internal.DefaultCacheCoordinator@ac7b667
2026-03-15T15:42:37.253+0200 [DEBUG] [org.gradle.cache.internal.LockOnDemandCrossProcessCacheAccess] Acquiring file lock for file hash cache (/Users/deniscucu/Downloads/licenta/SmartHome/.gradle/8.13/fileHashes)
2026-03-15T15:42:37.253+0200 [DEBUG] [org.gradle.cache.internal.DefaultFileLockManager] Waiting to acquire exclusive lock on file hash cache (/Users/deniscucu/Downloads/licenta/SmartHome/.gradle/8.13/fileHashes).
2026-03-15T15:42:37.253+0200 [DEBUG] [org.gradle.cache.internal.DefaultFileLockManager] Lock acquired on file hash cache (/Users/deniscucu/Downloads/licenta/SmartHome/.gradle/8.13/fileHashes).
2026-03-15T15:42:37.253+0200 [DEBUG] [org.gradle.cache.internal.DefaultCacheCoordinator] Creating new cache for outputFiles, path /Users/deniscucu/Downloads/licenta/SmartHome/.gradle/buildOutputCleanup/outputFiles.bin, access org.gradle.cache.internal.DefaultCacheCoordinator@40260cb5
2026-03-15T15:42:37.254+0200 [DEBUG] [org.gradle.cache.internal.LockOnDemandCrossProcessCacheAccess] Acquiring file lock for Build Output Cleanup Cache (/Users/deniscucu/Downloads/licenta/SmartHome/.gradle/buildOutputCleanup)
2026-03-15T15:42:37.254+0200 [DEBUG] [org.gradle.cache.internal.DefaultFileLockManager] Waiting to acquire exclusive lock on Build Output Cleanup Cache (/Users/deniscucu/Downloads/licenta/SmartHome/.gradle/buildOutputCleanup).
2026-03-15T15:42:37.254+0200 [DEBUG] [org.gradle.cache.internal.DefaultFileLockManager] Lock acquired on Build Output Cleanup Cache (/Users/deniscucu/Downloads/licenta/SmartHome/.gradle/buildOutputCleanup).
2026-03-15T15:42:37.255+0200 [DEBUG] [org.gradle.cache.internal.DefaultCacheCoordinator] Creating new cache for resourceHashesCache, path /Users/deniscucu/Downloads/licenta/SmartHome/.gradle/8.13/fileHashes/resourceHashesCache.bin, access org.gradle.cache.internal.DefaultCacheCoordinator@ac7b667
2026-03-15T15:42:37.256+0200 [INFO] [org.gradle.internal.watch.registry.impl.WatchableHierarchies] Now considering [/Users/deniscucu/Downloads/licenta/SmartHome] as hierarchies to watch
2026-03-15T15:42:37.256+0200 [INFO] [org.gradle.tooling.internal.provider.FileSystemWatchingBuildActionRunner] Watching the file system is configured to be enabled if available
2026-03-15T15:42:37.256+0200 [DEBUG] [org.gradle.tooling.internal.provider.FileSystemWatchingBuildActionRunner] Watching the file system computed to be enabled if available
2026-03-15T15:42:37.256+0200 [DEBUG] [org.gradle.internal.operations.DefaultBuildOperationRunner] Build operation 'Build started for file system watching' started
2026-03-15T15:42:37.257+0200 [DEBUG] [org.gradle.internal.watch.vfs.impl.DefaultWatchableFileSystemDetector] Detected apfs: / from /dev/disk3s1s1 (remote: false)
2026-03-15T15:42:37.257+0200 [DEBUG] [org.gradle.internal.watch.vfs.impl.DefaultWatchableFileSystemDetector] Detected devfs: /dev from devfs (remote: false)
2026-03-15T15:42:37.257+0200 [DEBUG] [org.gradle.internal.watch.vfs.impl.DefaultWatchableFileSystemDetector] Detected apfs: /System/Volumes/VM from /dev/disk3s6 (remote: false)
2026-03-15T15:42:37.257+0200 [DEBUG] [org.gradle.internal.watch.vfs.impl.DefaultWatchableFileSystemDetector] Detected apfs: /System/Volumes/Preboot from /dev/disk3s2 (remote: false)
2026-03-15T15:42:37.257+0200 [DEBUG] [org.gradle.internal.watch.vfs.impl.DefaultWatchableFileSystemDetector] Detected apfs: /System/Volumes/Update from /dev/disk3s4 (remote: false)
2026-03-15T15:42:37.257+0200 [DEBUG] [org.gradle.internal.watch.vfs.impl.DefaultWatchableFileSystemDetector] Detected apfs: /System/Volumes/xarts from /dev/disk1s2 (remote: false)
2026-03-15T15:42:37.257+0200 [DEBUG] [org.gradle.internal.watch.vfs.impl.DefaultWatchableFileSystemDetector] Detected apfs: /System/Volumes/iSCPreboot from /dev/disk1s1 (remote: false)
2026-03-15T15:42:37.257+0200 [DEBUG] [org.gradle.internal.watch.vfs.impl.DefaultWatchableFileSystemDetector] Detected apfs: /System/Volumes/Hardware from /dev/disk1s3 (remote: false)
2026-03-15T15:42:37.257+0200 [DEBUG] [org.gradle.internal.watch.vfs.impl.DefaultWatchableFileSystemDetector] Detected apfs: /System/Volumes/Data from /dev/disk3s5 (remote: false)
2026-03-15T15:42:37.257+0200 [DEBUG] [org.gradle.internal.watch.vfs.impl.DefaultWatchableFileSystemDetector] Detected autofs: /System/Volumes/Data/home from map auto_home (remote: true)
2026-03-15T15:42:37.257+0200 [DEBUG] [org.gradle.internal.watch.vfs.impl.DefaultWatchableFileSystemDetector] Detected apfs: /System/Volumes/Update/mnt1 from /dev/disk3s1 (remote: false)
2026-03-15T15:42:37.257+0200 [DEBUG] [org.gradle.internal.operations.DefaultBuildOperationRunner] Completing Build operation 'Build started for file system watching'
2026-03-15T15:42:37.257+0200 [DEBUG] [org.gradle.internal.operations.DefaultBuildOperationRunner] Build operation 'Build started for file system watching' completed
2026-03-15T15:42:37.257+0200 [INFO] [org.gradle.tooling.internal.provider.FileSystemWatchingBuildActionRunner] File system watching is active
2026-03-15T15:42:37.257+0200 [DEBUG] [org.gradle.internal.operations.DefaultBuildOperationRunner] Build operation 'Load build' started
2026-03-15T15:42:37.257+0200 [DEBUG] [org.gradle.initialization.properties.DefaultProjectPropertiesLoader] Found env project properties: []
2026-03-15T15:42:37.257+0200 [DEBUG] [org.gradle.initialization.properties.DefaultProjectPropertiesLoader] Found system project properties: []
2026-03-15T15:42:37.258+0200 [DEBUG] [org.gradle.initialization.DefaultSettingsLoader] Loading build definition for build: ':'
2026-03-15T15:42:37.258+0200 [DEBUG] [org.gradle.internal.operations.DefaultBuildOperationRunner] Build operation 'Evaluate settings' started
2026-03-15T15:42:37.259+0200 [INFO] [org.gradle.internal.buildevents.BuildLogger] Starting Build
2026-03-15T15:42:37.259+0200 [DEBUG] [org.gradle.internal.buildevents.BuildLogger] Gradle user home: /Users/deniscucu/.gradle
2026-03-15T15:42:37.259+0200 [DEBUG] [org.gradle.internal.buildevents.BuildLogger] Current dir: /Users/deniscucu/Downloads/licenta/SmartHome
2026-03-15T15:42:37.260+0200 [DEBUG] [org.gradle.internal.buildevents.BuildLogger] Settings file: null
2026-03-15T15:42:37.260+0200 [DEBUG] [org.gradle.internal.buildevents.BuildLogger] Build file: null
2026-03-15T15:42:37.262+0200 [DEBUG] [org.gradle.internal.operations.DefaultBuildOperationRunner] Build operation 'Apply settings file 'settings.gradle.kts' to settings 'SmartHome'' started
2026-03-15T15:42:37.262+0200 [DEBUG] [org.gradle.kotlin.dsl.provider.KotlinScriptPlugin] Applying Kotlin script to settings 'SmartHome'
2026-03-15T15:42:37.270+0200 [DEBUG] [org.gradle.api.internal.runtimeshaded.RuntimeShadedJarFactory] Using Gradle runtime shaded JAR file: /Users/deniscucu/.gradle/caches/8.13/generated-gradle-jars/gradle-api-8.13.jar
2026-03-15T15:42:37.271+0200 [DEBUG] [org.gradle.internal.operations.DefaultBuildOperationRunner] Build operation 'Identifying work' started
2026-03-15T15:42:37.272+0200 [DEBUG] [org.gradle.internal.operations.DefaultBuildOperationRunner] Completing Build operation 'Identifying work'
2026-03-15T15:42:37.272+0200 [DEBUG] [org.gradle.internal.operations.DefaultBuildOperationRunner] Build operation 'Identifying work' completed
2026-03-15T15:42:37.272+0200 [DEBUG] [org.gradle.internal.vfs.impl.AbstractVirtualFileSystem] Invalidating VFS paths: [/Users/deniscucu/.gradle/caches/8.13/kotlin-dsl/scripts/94e96c55399dfbcad9f4bbb5e1b00716-331d9a32-6482-47f4-9d47-0d32a234c754]
2026-03-15T15:42:37.272+0200 [DEBUG] [org.gradle.internal.operations.DefaultBuildOperationRunner] Build operation 'Snapshot inputs and outputs before executing Kotlin DSL script compilation (Settings/TopLevel/stage1)' started
2026-03-15T15:42:37.272+0200 [DEBUG] [org.gradle.internal.execution.steps.AbstractCaptureStateBeforeExecutionStep] Implementation for Kotlin DSL script compilation (Settings/TopLevel/stage1): org.gradle.kotlin.dsl.provider.StandardKotlinScriptEvaluator$KotlinScriptCompilationAndInstrumentation@b9e972bb44477aad8c2e6e20bc352516
2026-03-15T15:42:37.272+0200 [DEBUG] [org.gradle.internal.execution.steps.AbstractCaptureStateBeforeExecutionStep] Additional implementations for Kotlin DSL script compilation (Settings/TopLevel/stage1): []
2026-03-15T15:42:37.272+0200 [DEBUG] [org.gradle.internal.operations.DefaultBuildOperationRunner] Completing Build operation 'Snapshot inputs and outputs before executing Kotlin DSL script compilation (Settings/TopLevel/stage1)'
2026-03-15T15:42:37.272+0200 [DEBUG] [org.gradle.internal.operations.DefaultBuildOperationRunner] Build operation 'Snapshot inputs and outputs before executing Kotlin DSL script compilation (Settings/TopLevel/stage1)' completed
2026-03-15T15:42:37.273+0200 [INFO] [org.gradle.internal.execution.steps.AbstractResolveCachingStateStep] Caching disabled for Kotlin DSL script compilation (Settings/TopLevel/stage1) because:
  Build cache is disabled
2026-03-15T15:42:37.273+0200 [DEBUG] [org.gradle.internal.vfs.impl.AbstractVirtualFileSystem] Invalidating VFS paths: [/Users/deniscucu/.gradle/caches/8.13/kotlin-dsl/scripts/94e96c55399dfbcad9f4bbb5e1b00716-331d9a32-6482-47f4-9d47-0d32a234c754/instrumented/classes, /Users/deniscucu/.gradle/caches/8.13/kotlin-dsl/scripts/94e96c55399dfbcad9f4bbb5e1b00716-331d9a32-6482-47f4-9d47-0d32a234c754/reports/gradle-intercepted-methods.report]
2026-03-15T15:42:37.273+0200 [DEBUG] [org.gradle.internal.execution.steps.PreCreateOutputParentsStep] Ensuring directory exists for property instrumentedOutput at /Users/deniscucu/.gradle/caches/8.13/kotlin-dsl/scripts/94e96c55399dfbcad9f4bbb5e1b00716-331d9a32-6482-47f4-9d47-0d32a234c754/instrumented/classes
2026-03-15T15:42:37.273+0200 [DEBUG] [org.gradle.internal.execution.steps.PreCreateOutputParentsStep] Ensuring parent directory exists for property propertyUpgradeReportOutput at /Users/deniscucu/.gradle/caches/8.13/kotlin-dsl/scripts/94e96c55399dfbcad9f4bbb5e1b00716-331d9a32-6482-47f4-9d47-0d32a234c754/reports/gradle-intercepted-methods.report
2026-03-15T15:42:37.273+0200 [DEBUG] [org.gradle.internal.operations.DefaultBuildOperationRunner] Build operation 'Executing Kotlin DSL script compilation (Settings/TopLevel/stage1)' started
2026-03-15T15:42:37.273+0200 [DEBUG] [org.gradle.kotlin.dsl.execution.Interpreter] Compiling Settings/TopLevel/stage1 from settings file '/Users/deniscucu/Downloads/licenta/SmartHome/settings.gradle.kts'
2026-03-15T15:42:37.274+0200 [DEBUG] [org.gradle.internal.operations.DefaultBuildOperationRunner] Build operation 'Compile script settings.gradle.kts (CLASSPATH)' started
2026-03-15T15:42:37.278+0200 [DEBUG] [org.gradle.internal.operations.DefaultBuildOperationRunner] Completing Build operation 'Compile script settings.gradle.kts (CLASSPATH)'
2026-03-15T15:42:37.278+0200 [DEBUG] [org.gradle.internal.operations.DefaultBuildOperationRunner] Build operation 'Compile script settings.gradle.kts (CLASSPATH)' completed
2026-03-15T15:42:37.279+0200 [DEBUG] [org.gradle.internal.operations.DefaultBuildOperationRunner] Completing Build operation 'Executing Kotlin DSL script compilation (Settings/TopLevel/stage1)'
2026-03-15T15:42:37.279+0200 [DEBUG] [org.gradle.internal.operations.DefaultBuildOperationRunner] Build operation 'Executing Kotlin DSL script compilation (Settings/TopLevel/stage1)' completed
2026-03-15T15:42:37.279+0200 [DEBUG] [org.gradle.internal.vfs.impl.AbstractVirtualFileSystem] Invalidating VFS paths: [/Users/deniscucu/.gradle/caches/8.13/kotlin-dsl/scripts/94e96c55399dfbcad9f4bbb5e1b00716-331d9a32-6482-47f4-9d47-0d32a234c754/instrumented/classes, /Users/deniscucu/.gradle/caches/8.13/kotlin-dsl/scripts/94e96c55399dfbcad9f4bbb5e1b00716-331d9a32-6482-47f4-9d47-0d32a234c754/reports/gradle-intercepted-methods.report]
2026-03-15T15:42:37.279+0200 [DEBUG] [org.gradle.internal.operations.DefaultBuildOperationRunner] Build operation 'Snapshot outputs after executing Kotlin DSL script compilation (Settings/TopLevel/stage1)' started
2026-03-15T15:42:37.279+0200 [DEBUG] [org.gradle.internal.operations.DefaultBuildOperationRunner] Completing Build operation 'Snapshot outputs after executing Kotlin DSL script compilation (Settings/TopLevel/stage1)'
2026-03-15T15:42:37.279+0200 [DEBUG] [org.gradle.internal.operations.DefaultBuildOperationRunner] Build operation 'Snapshot outputs after executing Kotlin DSL script compilation (Settings/TopLevel/stage1)' completed
2026-03-15T15:42:37.279+0200 [DEBUG] [org.gradle.internal.operations.DefaultBuildOperationRunner] Completing Build operation 'Apply settings file 'settings.gradle.kts' to settings 'SmartHome''
2026-03-15T15:42:37.279+0200 [DEBUG] [org.gradle.internal.operations.DefaultBuildOperationRunner] Build operation 'Apply settings file 'settings.gradle.kts' to settings 'SmartHome'' completed
2026-03-15T15:42:37.279+0200 [DEBUG] [org.gradle.internal.operations.DefaultBuildOperationRunner] Completing Build operation 'Evaluate settings'
2026-03-15T15:42:37.279+0200 [DEBUG] [org.gradle.internal.operations.DefaultBuildOperationRunner] Build operation 'Evaluate settings' completed
2026-03-15T15:42:37.279+0200 [DEBUG] [org.gradle.internal.operations.DefaultBuildOperationRunner] Completing Build operation 'Load build'
2026-03-15T15:42:37.279+0200 [DEBUG] [org.gradle.internal.operations.DefaultBuildOperationRunner] Build operation 'Load build' completed
2026-03-15T15:42:37.279+0200 [DEBUG] [org.gradle.internal.operations.DefaultBuildOperationRunner] Build operation 'Finish root build tree' started
2026-03-15T15:42:37.280+0200 [DEBUG] [org.gradle.internal.operations.DefaultBuildOperationRunner] Completing Build operation 'Finish root build tree'
2026-03-15T15:42:37.280+0200 [DEBUG] [org.gradle.internal.operations.DefaultBuildOperationRunner] Build operation 'Finish root build tree' completed
2026-03-15T15:42:37.280+0200 [ERROR] [org.gradle.internal.buildevents.BuildExceptionReporter] 
2026-03-15T15:42:37.281+0200 [ERROR] [org.gradle.internal.buildevents.BuildExceptionReporter] FAILURE: Build failed with an exception.
2026-03-15T15:42:37.281+0200 [ERROR] [org.gradle.internal.buildevents.BuildExceptionReporter] 
2026-03-15T15:42:37.281+0200 [ERROR] [org.gradle.internal.buildevents.BuildExceptionReporter] * What went wrong:
2026-03-15T15:42:37.281+0200 [ERROR] [org.gradle.internal.buildevents.BuildExceptionReporter] 25
2026-03-15T15:42:37.281+0200 [ERROR] [org.gradle.internal.buildevents.BuildExceptionReporter] 
2026-03-15T15:42:37.281+0200 [ERROR] [org.gradle.internal.buildevents.BuildExceptionReporter] * Try:
2026-03-15T15:42:37.281+0200 [ERROR] [org.gradle.internal.buildevents.BuildExceptionReporter] > Run with --stacktrace option to get the stack trace.
2026-03-15T15:42:37.281+0200 [ERROR] [org.gradle.internal.buildevents.BuildExceptionReporter] > Run with --scan to get full insights.
2026-03-15T15:42:37.281+0200 [ERROR] [org.gradle.internal.buildevents.BuildExceptionReporter] > Get more help at https://help.gradle.org.
2026-03-15T15:42:37.281+0200 [ERROR] [org.gradle.internal.buildevents.BuildResultLogger] 
2026-03-15T15:42:37.281+0200 [ERROR] [org.gradle.internal.buildevents.BuildResultLogger] BUILD FAILED in 419ms
2026-03-15T15:42:37.281+0200 [DEBUG] [org.gradle.internal.operations.DefaultBuildOperationRunner] Build operation 'Build finished for file system watching' started
2026-03-15T15:42:37.281+0200 [INFO] [org.gradle.internal.watch.registry.impl.HierarchicalFileWatcherUpdater] Watched directory hierarchies: []
2026-03-15T15:42:37.281+0200 [DEBUG] [org.gradle.internal.operations.DefaultBuildOperationRunner] Completing Build operation 'Build finished for file system watching'
2026-03-15T15:42:37.281+0200 [DEBUG] [org.gradle.internal.operations.DefaultBuildOperationRunner] Build operation 'Build finished for file system watching' completed
2026-03-15T15:42:37.282+0200 [DEBUG] [org.gradle.cache.internal.LockOnDemandCrossProcessCacheAccess] Releasing file lock for Build Output Cleanup Cache (/Users/deniscucu/Downloads/licenta/SmartHome/.gradle/buildOutputCleanup)
2026-03-15T15:42:37.282+0200 [DEBUG] [org.gradle.cache.internal.DefaultFileLockManager] Releasing lock on Build Output Cleanup Cache (/Users/deniscucu/Downloads/licenta/SmartHome/.gradle/buildOutputCleanup).
2026-03-15T15:42:37.282+0200 [DEBUG] [org.gradle.internal.operations.DefaultBuildOperationRunner] Completing Build operation 'Run build'
2026-03-15T15:42:37.282+0200 [DEBUG] [org.gradle.internal.operations.DefaultBuildOperationRunner] Build operation 'Run build' completed
2026-03-15T15:42:37.282+0200 [DEBUG] [org.gradle.internal.resources.AbstractTrackedResourceLock] Daemon worker Thread 4: released lock on worker lease
2026-03-15T15:42:37.283+0200 [DEBUG] [org.gradle.deployment.internal.DefaultDeploymentRegistry] Stopping 0 deployment handles
2026-03-15T15:42:37.283+0200 [DEBUG] [org.gradle.deployment.internal.DefaultDeploymentRegistry] Stopped deployment handles
2026-03-15T15:42:37.283+0200 [DEBUG] [org.gradle.cache.internal.LockOnDemandCrossProcessCacheAccess] Releasing file lock for file hash cache (/Users/deniscucu/Downloads/licenta/SmartHome/.gradle/8.13/fileHashes)
2026-03-15T15:42:37.283+0200 [DEBUG] [org.gradle.cache.internal.DefaultFileLockManager] Releasing lock on file hash cache (/Users/deniscucu/Downloads/licenta/SmartHome/.gradle/8.13/fileHashes).
2026-03-15T15:42:37.283+0200 [DEBUG] [org.gradle.internal.operations.DefaultBuildOperationRunner] Build operation 'Deleting unused version-specific caches in /Users/deniscucu/Downloads/licenta/SmartHome/.gradle' started
2026-03-15T15:42:37.283+0200 [DEBUG] [org.gradle.internal.operations.DefaultBuildOperationRunner] Completing Build operation 'Deleting unused version-specific caches in /Users/deniscucu/Downloads/licenta/SmartHome/.gradle'
2026-03-15T15:42:37.283+0200 [DEBUG] [org.gradle.internal.operations.DefaultBuildOperationRunner] Build operation 'Deleting unused version-specific caches in /Users/deniscucu/Downloads/licenta/SmartHome/.gradle' completed
2026-03-15T15:42:37.288+0200 [DEBUG] [org.gradle.launcher.daemon.server.exec.ExecuteBuild] The daemon has finished executing the build.
2026-03-15T15:42:37.307+0200 [DEBUG] [org.gradle.launcher.daemon.client.DaemonClientConnection] thread 3: dispatching class org.gradle.launcher.daemon.protocol.CloseInput
2026-03-15T15:42:37.307+0200 [DEBUG] [org.gradle.launcher.daemon.client.DaemonClient] Received result Success[value=org.gradle.launcher.exec.BuildActionResult@366c4480] from daemon DaemonInfo{pid=12275, address=[5fa14cb4-5054-45dd-8747-7707a882d7f0 port:60119, addresses:[/127.0.0.1]], state=Idle, lastBusy=1773582131892, context=DefaultDaemonContext[uid=418ea509-3df8-49c3-b93e-7ff7e2a2b860,javaHome=/Library/Java/JavaVirtualMachines/jdk-25.jdk/Contents/Home,javaVersion=25,javaVendor=Oracle Corporation,daemonRegistryDir=/Users/deniscucu/.gradle/daemon,pid=12275,idleTimeout=10800000,priority=NORMAL,applyInstrumentationAgent=true,nativeServicesMode=ENABLED,daemonOpts=-Xmx2048m,-Dfile.encoding=UTF-8,-Duser.country=US,-Duser.language=en,-Duser.variant]} (build should be done).
2026-03-15T15:42:37.307+0200 [DEBUG] [org.gradle.launcher.daemon.client.DaemonClientConnection] thread 3: dispatching class org.gradle.launcher.daemon.protocol.Finished
2026-03-15T15:42:37.307+0200 [DEBUG] [org.gradle.launcher.daemon.client.DaemonClientConnection] thread 3: connection stop
2026-03-15T15:42:37.308+0200 [DEBUG] [org.gradle.cache.internal.DefaultCacheCoordinator] Cache cache directory jvms (/Users/deniscucu/.gradle/caches/8.13/jvms) was closed 0 times.
2026-03-15T15:42:37.308+0200 [LIFECYCLE] [org.gradle.launcher.cli.DebugLoggerWarningAction] 
#############################################################################
   WARNING WARNING WARNING WARNING WARNING WARNING WARNING WARNING WARNING

   Debug level logging will leak security sensitive information!

   For more details, please refer to https://docs.gradle.org/8.13/userguide/logging.html#sec:debug_security in the Gradle documentation.
#############################################################################

